// Jest Snapshot v1, https://goo.gl/fbAQLP

exports[`comment list renders as expected 1`] = `
<DocumentFragment>
  <ul>
    <li
      data-testid="comment"
    >
      <p>
        <strong>
          Test comment username 1: 
        </strong>
        Test comment body 1
      </p>
    </li>
    <li
      data-testid="comment"
    >
      <p>
        <strong>
          Test comment username 2: 
        </strong>
        Test comment body 2
      </p>
    </li>
    <li
      data-testid="comment"
    >
      <p>
        <strong>
          Test comment username 3: 
        </strong>
        Test comment body 3
      </p>
    </li>
  </ul>
</DocumentFragment>
`;
